###############################################################################
#
# IAR ELF Linker V8.50.9.278/W32 for ARM                  24/Feb/2021  11:34:28
# Copyright 2007-2020 IAR Systems AB.
#
#    Output file  =  C:\Sis_embarcados\Projects\lab01\Debug\Exe\lab01.out
#    Map file     =  C:\Sis_embarcados\Projects\lab01\Debug\List\lab01.map
#    Command line =
#        -f C:\Users\vinic\AppData\Local\Temp\EW3EEC.tmp
#        (C:\Sis_embarcados\driverlib\ewarm\Exe\driverlib.a
#        C:\Sis_embarcados\Projects\lab01\Debug\Obj\lab01.o
#        C:\Sis_embarcados\Projects\lab01\Debug\Obj\startup_TM4C1294.o
#        C:\Sis_embarcados\Projects\lab01\Debug\Obj\system_TM4C1294_TW.o
#        --no_out_extension -o
#        C:\Sis_embarcados\Projects\lab01\Debug\Exe\lab01.out --map
#        C:\Sis_embarcados\Projects\lab01\Debug\List\lab01.map --config
#        "C:\Program Files (x86)\IAR Systems\Embedded Workbench
#        8.4\arm\config\linker\TexasInstruments\TM4C1294NC.icf" --semihosting
#        --entry __iar_program_start --vfe --text_out locale)
#
###############################################################################

*******************************************************************************
*** MESSAGES
***

Warning[Lt009]: Inconsistent wchar_t size
            gpio.o(driverlib.a) and 4 other objects in driverlib.a have wchar_t
                      size 16 bits
            lab01.o and 110 other objects, some of them in m7M_tls.a and 32
                      other libraries have wchar_t size 32 bits


*******************************************************************************
*** RUNTIME MODEL ATTRIBUTES
***

CppFlavor       = *
__SystemLibrary = DLib
__dlib_version  = 6


*******************************************************************************
*** HEAP SELECTION
***

The basic heap was selected because some modules are built with
size limitations (and not runtime checking), and --advanced_heap
was not specified.


*******************************************************************************
*** PLACEMENT SUMMARY
***

"A0":  place at address 0x0 { ro section .intvec };
"P1":  place in [from 0x0 to 0xf'ffff] { ro };
define block CSTACK with size = 32K, alignment = 8 { };
define block HEAP with size = 64K, alignment = 8 { };
"P2":  place in [from 0x2000'0000 to 0x2003'ffff] {
          rw, block CSTACK, block HEAP };

  Section   Kind         Address    Size  Object
  -------   ----         -------    ----  ------
"A0":                              0x3c0
  .intvec   ro code          0x0   0x3c0  startup_TM4C1294.o [1]
                         - 0x3c0   0x3c0

"P1":                              0x810
  .text     ro code        0x3c0   0x4e0  sysctl.o [3]
  .text     ro code        0x8a0   0x148  gpio.o [3]
  .text     ro code        0x9e8    0x90  lab01.o [1]
  .text     ro code        0xa78    0x28  systick.o [3]
  .text     ro code        0xaa0     0x4  time_trampoline.o [2]
  .text     ro code        0xaa4     0xe  math_wrappers64.o [4]
  .text     ro code        0xab2     0x2  startup_TM4C1294.o [1]
  .text     ro code        0xab4    0x2e  DblCmpLe.o [4]
  .text     ro code        0xae2    0x12  time.o [6]
  .text     ro code        0xaf4    0x1c  difftime.o [4]
  .text     ro code        0xb10    0x1a  U32ToDbl.o [4]
  .text     ro code        0xb2c    0x2c  system_TM4C1294_TW.o [1]
  .text     ro code        0xb58    0x1e  cmain.o [5]
  .text     ro code        0xb76     0x4  low_level_init.o [2]
  .text     ro code        0xb7a     0x4  exit.o [2]
  .text     ro code        0xb80     0xa  cexit.o [5]
  .text     ro code        0xb8c    0x14  exit.o [6]
  .text     ro code        0xba0    0x1c  cstartup_M.o [5]
  .text     ro code        0xbbc    0x14  startup_TM4C1294.o [1]
                         - 0xbd0   0x810

"P2":                             0x8008
  .noinit   uninit   0x2000'0000     0x4  system_TM4C1294_TW.o [1]
  CSTACK             0x2000'0008  0x8000  <Block>
    CSTACK  uninit   0x2000'0008  0x8000  <Block tail>
                   - 0x2000'8008  0x8008

Unused ranges:

         From           To      Size
         ----           --      ----
        0xbd0     0xf'ffff  0xf'f430
  0x2000'8008  0x2003'ffff  0x3'7ff8



*******************************************************************************
*** MODULE SUMMARY
***

    Module                ro code  rw data
    ------                -------  -------
command line/config:
    --------------------------------------
    Total:

C:\Sis_embarcados\Projects\lab01\Debug\Obj: [1]
    lab01.o                   144
    startup_TM4C1294.o        982
    system_TM4C1294_TW.o       44        4
    --------------------------------------
    Total:                  1'170        4

dl7M_tln.a: [2]
    exit.o                      4
    low_level_init.o            4
    time_trampoline.o           4
    --------------------------------------
    Total:                     12

driverlib.a: [3]
    gpio.o                    328
    sysctl.o                1'248
    systick.o                  40
    --------------------------------------
    Total:                  1'616

m7M_tls.a: [4]
    DblCmpLe.o                 46
    U32ToDbl.o                 26
    difftime.o                 28
    math_wrappers64.o          14
    --------------------------------------
    Total:                    114

rt7M_tl.a: [5]
    cexit.o                    10
    cmain.o                    30
    cstartup_M.o               28
    --------------------------------------
    Total:                     68

shb_l.a: [6]
    exit.o                     20
    time.o                     18
    --------------------------------------
    Total:                     38

    Gaps                        6
    Linker created                  32'768
------------------------------------------
    Grand Total:            3'024   32'772


*******************************************************************************
*** ENTRY LIST
***

Entry                       Address   Size  Type      Object
-----                       -------   ----  ----      ------
?main                         0xb59         Code  Gb  cmain.o [5]
CSTACK$$Base            0x2000'0008          --   Gb  - Linker created -
CSTACK$$Limit           0x2000'8008          --   Gb  - Linker created -
GPIODirModeSet                0x8a1   0x28  Code  Gb  gpio.o [3]
GPIOPadConfigSet              0x8c9   0xfe  Code  Gb  gpio.o [3]
GPIOPinTypeGPIOOutput         0x9cd    0xa  Code  Gb  gpio.o [3]
GPIOPinWrite                  0x9c7    0x6  Code  Gb  gpio.o [3]
Region$$Table$$Base             0x0          --   Gb  - Linker created -
Region$$Table$$Limit            0x0          --   Gb  - Linker created -
SysCtlClockFreqSet            0x41d  0x204  Code  Gb  sysctl.o [3]
SysCtlPeripheralEnable        0x401    0x8  Code  Gb  sysctl.o [3]
SysCtlPeripheralReady         0x3e1    0x8  Code  Gb  sysctl.o [3]
SysTickEnable                 0xa79    0xc  Code  Gb  systick.o [3]
SysTickIntEnable              0xa85    0xc  Code  Gb  systick.o [3]
SysTickPeriodSet              0xa91    0x8  Code  Gb  systick.o [3]
SystemCoreClock         0x2000'0000    0x4  Data  Gb  system_TM4C1294_TW.o [1]
SystemInit                    0xb2d   0x1a  Code  Gb  system_TM4C1294_TW.o [1]
_SysCtlMemTimingGet           0x3c1   0x20  Code  Lc  sysctl.o [3]
__Vectors                       0x0          --   Gb  startup_TM4C1294.o [1]
__Vectors_End                 0x3c0         Data  Gb  startup_TM4C1294.o [1]
__Vectors_Size {Abs}          0x3c0          --   Gb  startup_TM4C1294.o [1]
__aeabi_cdcmple               0xab5         Code  Gb  DblCmpLe.o [4]
__aeabi_ui2d                  0xb11         Code  Gb  U32ToDbl.o [4]
__cmain                       0xb59         Code  Gb  cmain.o [5]
__difftime32                  0xaf5   0x1c  Code  Gb  difftime.o [4]
__exit                        0xb8d   0x14  Code  Gb  exit.o [6]
__iar_init_vfp                0xbc5         Code  Wk  startup_TM4C1294.o [1]
__iar_program_start           0xba1         Code  Gb  cstartup_M.o [5]
__iar_vfp_difftime            0xaab    0x8  Code  Gb  math_wrappers64.o [4]
__low_level_init              0xb77    0x4  Code  Gb  low_level_init.o [2]
__time32                      0xae3   0x12  Code  Gb  time.o [6]
__vector_table                  0x0         Data  Gb  startup_TM4C1294.o [1]
__vector_table_0x1c            0x1c         Data  Gb  startup_TM4C1294.o [1]
_call_main                    0xb65         Code  Gb  cmain.o [5]
_exit                         0xb81         Code  Gb  cexit.o [5]
_main                         0xb6f         Code  Gb  cmain.o [5]
difftime                      0xaf5   0x1c  Code  Gb  difftime.o [4]
exit                          0xb7b    0x4  Code  Gb  exit.o [2]
g_pppui32XTALtoVCO            0x6b8  0x1b0  Data  Lc  sysctl.o [3]
g_pui32VCOFrequencies         0x898    0x8  Data  Lc  sysctl.o [3]
g_pui32Xtals                  0x64c   0x6c  Data  Lc  sysctl.o [3]
g_sXTALtoMEMTIM               0x868   0x30  Data  Lc  sysctl.o [3]
main                          0x9e9   0x90  Code  Gb  lab01.o [1]
time                          0xaa1    0x4  Code  Gb  time_trampoline.o [2]


[1] = C:\Sis_embarcados\Projects\lab01\Debug\Obj
[2] = dl7M_tln.a
[3] = driverlib.a
[4] = m7M_tls.a
[5] = rt7M_tl.a
[6] = shb_l.a

   3'024 bytes of readonly  code memory
  32'772 bytes of readwrite data memory

Errors: none
Warnings: 1
